
  *** Time-Step Manager Summary ***
  Cycle Number         : 1
  Problem Time         : 1.0000e+00
  Current Time-Step    : 1.0000e+00
  Recommended Time-Step: 1.1111e+00
  Controlling Advisor  : Electron Temperature

  *** Time-Step Advisor Data Table *** 
  Recommendation   In-Use  Name 
      1.0000e-06   true    Minimum
      8.0000e-01   true    Rate of Change Lower Limit
      1.0000e+00   false   User Override
      1.0000e+00   false   Current Time-Step
  ==> 1.1111e+00   true    Electron Temperature
      1.2000e+00   true    Rate of Change Upper Limit
      1.2125e+00   true    Ion Temperature
      2.2000e+00   true    Radiation Intensity
      9.0000e+00   true    Graphics Dump
      1.0000e+05   true    Maximum


  *** Time-Step Manager Summary ***
  Cycle Number         : 2
  Problem Time         : 2.1111e+00
  Current Time-Step    : 1.1111e+00
  Recommended Time-Step: 1.2346e+00
  Controlling Advisor  : Electron Temperature

  *** Time-Step Advisor Data Table *** 
  Recommendation   In-Use  Name 
      1.0000e-06   true    Minimum
      8.8889e-01   true    Rate of Change Lower Limit
      1.0000e+00   false   User Override
      1.1111e+00   false   Current Time-Step
  ==> 1.2346e+00   true    Electron Temperature
      1.3333e+00   true    Rate of Change Upper Limit
      1.3472e+00   true    Ion Temperature
      2.4444e+00   true    Radiation Intensity
      7.8889e+00   true    Graphics Dump
      1.0000e+05   true    Maximum


  *** Time-Step Manager Summary ***
  Cycle Number         : 3
  Problem Time         : 3.3457e+00
  Current Time-Step    : 1.2346e+00
  Recommended Time-Step: 1.3717e+00
  Controlling Advisor  : Electron Temperature

  *** Time-Step Advisor Data Table *** 
  Recommendation   In-Use  Name 
      1.0000e-06   true    Minimum
      9.8765e-01   true    Rate of Change Lower Limit
      1.0000e+00   false   User Override
      1.2346e+00   false   Current Time-Step
  ==> 1.3717e+00   true    Electron Temperature
      1.4815e+00   true    Rate of Change Upper Limit
      1.4969e+00   true    Ion Temperature
      2.7160e+00   true    Radiation Intensity
      6.6543e+00   true    Graphics Dump
      1.0000e+05   true    Maximum


*** Time-Step Manager: Advisor Listing ***
Graphics Dump
Maximum
Rate of Change Upper Limit
Rate of Change Lower Limit
Minimum
User Override
Current Time-Step
Radiation Intensity
Ion Temperature
Electron Temperature


*** Time-Step Manager: Advisor State Listing ***

  ** Time-Step Advisor State Listing **
  Name - Graphics Dump
  Type           : Target Advisor
  Active         : true 
  Usage          : maximum
  Target Value   : 10


  ** Time-Step Advisor State Listing **
  Name - Maximum
  Type           : Fixed Advisor
  Active         : true 
  Usage          : maximum
  Fixed Value    : 1e+05


  ** Time-Step Advisor State Listing **
  Name - Rate of Change Upper Limit
  Type           : Ratio Advisor
  Active         : true 
  Usage          : maximum
  Ratio Value    : 1.2


  ** Time-Step Advisor State Listing **
  Name - Rate of Change Lower Limit
  Type           : Ratio Advisor
  Active         : true 
  Usage          : minimum
  Ratio Value    : 0.8


  ** Time-Step Advisor State Listing **
  Name - Minimum
  Type           : Fixed Advisor
  Active         : true 
  Usage          : minimum
  Fixed Value    : 1e-06


  ** Time-Step Advisor State Listing **
  Name - User Override
  Type           : Fixed Advisor
  Active         : false
  Usage          : required
  Fixed Value    : 1


  ** Time-Step Advisor State Listing **
  Name - Current Time-Step
  Type           : Fixed Advisor
  Active         : false
  Usage          : required
  Fixed Value    : 1.235


  ** Time-Step Advisor State Listing **
  Name - Radiation Intensity
  Type           : Field Advisor
  Active         : true 
  Usage          : maximum
  Last Update    : cycle 3
  Update Method  : field value and relative change
  Fract Change   : 0.1
  Floor Value    : 2.225e-306
  dt_rec         : 2.716


  ** Time-Step Advisor State Listing **
  Name - Ion Temperature
  Type           : Field Advisor
  Active         : true 
  Usage          : maximum
  Last Update    : cycle 3
  Update Method  : weighted by relative change
  Fract Change   : 0.1
  Floor Value    : 2.225e-306
  dt_rec         : 1.497


  ** Time-Step Advisor State Listing **
  Name - Electron Temperature
  Type           : Field Advisor
  Active         : true 
  Usage          : maximum
  Last Update    : cycle 3
  Update Method  : arithmetic mean
  Fract Change   : 0.1
  Floor Value    : 0.01199
  dt_rec         : 1.372



*********************************************
**** Time-step Manager Self Test: PASSED ****
*********************************************


